feature@org.cishell.feature=COPY,/home/bherr/cishell-workspace,org.cishell.feature
plugin@org.cishell.framework=COPY,/home/bherr/cishell-workspace,org.cishell.framework
feature@org.cishell.environment.equinox.feature=COPY,/home/bherr/cishell-workspace,org.cishell.environment.equinox.feature
plugin@org.eclipse.equinox.ds=COPY,/home/bherr/cishell-workspace,org.eclipse.equinox.ds
feature@org.cishell.reference.feature=COPY,/home/bherr/cishell-workspace,org.cishell.reference.feature
plugin@org.cishell.reference=COPY,/home/bherr/cishell-workspace,org.cishell.reference
plugin@org.cishell.reference.services=COPY,/home/bherr/cishell-workspace,org.cishell.reference.services
plugin@org.cishell.service.autostart=COPY,/home/bherr/cishell-workspace,org.cishell.service.autostart
plugin@org.cishell.templates=COPY,/home/bherr/cishell-workspace,org.cishell.templates
plugin@org.cishell.templates.jythonrunner=COPY,/home/bherr/cishell-workspace,org.cishell.templates.jythonrunner
plugin@edu.uci.ics.jung=COPY,/home/bherr/cishell-workspace,edu.uci.ics.jung
plugin@org.apache.commons.collections=COPY,/home/bherr/cishell-workspace,org.apache.commons.collections
plugin@cern.colt=COPY,/home/bherr/cishell-workspace,cern.colt
plugin@org.prefuse.lib=COPY,/home/bherr/cishell-workspace,prefuselib
plugin@jythonlib=COPY,/home/bherr/cishell-workspace,jythonlib
feature@org.cishell.reference.gui.feature=COPY,/home/bherr/cishell-workspace,org.cishell.reference.gui.feature
plugin@org.cishell.reference.gui.brand.cishell=COPY,/home/bherr/cishell-workspace,org.cishell.reference.gui.brand.cishell
plugin@org.cishell.reference.gui.datamanager=COPY,/home/bherr/cishell-workspace,org.cishell.reference.gui.datamanager
plugin@org.cishell.reference.gui.log=COPY,/home/bherr/cishell-workspace,org.cishell.reference.gui.log
plugin@org.cishell.reference.gui.menumanager=COPY,/home/bherr/cishell-workspace,org.cishell.reference.gui.menumanager
plugin@org.cishell.reference.gui.workspace=COPY,/home/bherr/cishell-workspace,org.cishell.reference.gui.workspace
plugin@org.cishell.reference.gui.guibuilder.swt=COPY,/home/bherr/cishell-workspace,org.cishell.reference.gui.guibuilder.swt
plugin@org.cishell.reference.gui.persistence=COPY,/home/bherr/cishell-workspace,org.cishell.reference.gui.persistence
plugin@org.cishell.reference.gui.scheduler=COPY,/home/bherr/cishell-workspace,org.cishell.reference.gui.scheduler
